Archive member included to satisfy reference by file (symbol)

c:/altera_lite/15.1/nios2eds/bin/gnu/h-x86_64-mingw32/bin/../lib/gcc/nios2-elf/4.9.2/mno-hw-mul\libgcc.a(lib2-divmod.o)
                              obj/default/i2c_opencores.o (__udivsi3)
c:/altera_lite/15.1/nios2eds/bin/gnu/h-x86_64-mingw32/bin/../lib/gcc/nios2-elf/4.9.2/mno-hw-mul\libgcc.a(lib2-mul.o)
                              obj/default/i2c_opencores.o (__mulsi3)
c:/altera_lite/15.1/nios2eds/bin/gnu/h-x86_64-mingw32/bin/../lib/gcc/nios2-elf/4.9.2/../../../../../H-x86_64-mingw32/nios2-elf/lib/mno-hw-mul\libc.a(lib_a-memset.o)
                              obj/default/main.o (memset)
../lms_ctr_bsp/\libhal_bsp.a(alt_load.o)
                              ../lms_ctr_bsp//obj/HAL/src/crt0.o (alt_load)
../lms_ctr_bsp/\libhal_bsp.a(alt_main.o)
                              ../lms_ctr_bsp//obj/HAL/src/crt0.o (alt_main)
../lms_ctr_bsp/\libhal_bsp.a(alt_usleep.o)
                              obj/default/main.o (usleep)
../lms_ctr_bsp/\libhal_bsp.a(alt_sys_init.o)
                              ../lms_ctr_bsp/\libhal_bsp.a(alt_main.o) (alt_irq_init)
../lms_ctr_bsp/\libhal_bsp.a(altera_avalon_spi.o)
                              obj/default/main.o (alt_avalon_spi_command)
../lms_ctr_bsp/\libhal_bsp.a(alt_busy_sleep.o)
                              ../lms_ctr_bsp/\libhal_bsp.a(alt_usleep.o) (alt_busy_sleep)
../lms_ctr_bsp/\libhal_bsp.a(alt_close.o)
                              ../lms_ctr_bsp/\libhal_bsp.a(alt_main.o) (close)
../lms_ctr_bsp/\libhal_bsp.a(alt_dcache_flush_all.o)
                              ../lms_ctr_bsp/\libhal_bsp.a(alt_load.o) (alt_dcache_flush_all)
../lms_ctr_bsp/\libhal_bsp.a(alt_dev.o)
                              ../lms_ctr_bsp/\libhal_bsp.a(alt_close.o) (alt_fd_list)
../lms_ctr_bsp/\libhal_bsp.a(alt_do_ctors.o)
                              ../lms_ctr_bsp/\libhal_bsp.a(alt_main.o) (_do_ctors)
../lms_ctr_bsp/\libhal_bsp.a(alt_do_dtors.o)
                              ../lms_ctr_bsp/\libhal_bsp.a(alt_main.o) (_do_dtors)
../lms_ctr_bsp/\libhal_bsp.a(alt_errno.o)
                              ../lms_ctr_bsp/\libhal_bsp.a(alt_close.o) (alt_errno)
../lms_ctr_bsp/\libhal_bsp.a(alt_icache_flush_all.o)
                              ../lms_ctr_bsp/\libhal_bsp.a(alt_load.o) (alt_icache_flush_all)
../lms_ctr_bsp/\libhal_bsp.a(alt_release_fd.o)
                              ../lms_ctr_bsp/\libhal_bsp.a(alt_close.o) (alt_release_fd)
../lms_ctr_bsp/\libhal_bsp.a(altera_nios2_gen2_irq.o)
                              ../lms_ctr_bsp/\libhal_bsp.a(alt_sys_init.o) (altera_nios2_gen2_irq_init)
c:/altera_lite/15.1/nios2eds/bin/gnu/h-x86_64-mingw32/bin/../lib/gcc/nios2-elf/4.9.2/../../../../../H-x86_64-mingw32/nios2-elf/lib/mno-hw-mul\libc.a(lib_a-atexit.o)
                              ../lms_ctr_bsp/\libhal_bsp.a(alt_main.o) (atexit)
c:/altera_lite/15.1/nios2eds/bin/gnu/h-x86_64-mingw32/bin/../lib/gcc/nios2-elf/4.9.2/../../../../../H-x86_64-mingw32/nios2-elf/lib/mno-hw-mul\libc.a(lib_a-exit.o)
                              ../lms_ctr_bsp/\libhal_bsp.a(alt_main.o) (exit)
c:/altera_lite/15.1/nios2eds/bin/gnu/h-x86_64-mingw32/bin/../lib/gcc/nios2-elf/4.9.2/../../../../../H-x86_64-mingw32/nios2-elf/lib/mno-hw-mul\libc.a(lib_a-impure.o)
                              c:/altera_lite/15.1/nios2eds/bin/gnu/h-x86_64-mingw32/bin/../lib/gcc/nios2-elf/4.9.2/../../../../../H-x86_64-mingw32/nios2-elf/lib/mno-hw-mul\libc.a(lib_a-exit.o) (_global_impure_ptr)
c:/altera_lite/15.1/nios2eds/bin/gnu/h-x86_64-mingw32/bin/../lib/gcc/nios2-elf/4.9.2/../../../../../H-x86_64-mingw32/nios2-elf/lib/mno-hw-mul\libc.a(lib_a-int_errno.o)
                              ../lms_ctr_bsp/\libhal_bsp.a(alt_close.o) (errno)
c:/altera_lite/15.1/nios2eds/bin/gnu/h-x86_64-mingw32/bin/../lib/gcc/nios2-elf/4.9.2/../../../../../H-x86_64-mingw32/nios2-elf/lib/mno-hw-mul\libc.a(lib_a-__atexit.o)
                              c:/altera_lite/15.1/nios2eds/bin/gnu/h-x86_64-mingw32/bin/../lib/gcc/nios2-elf/4.9.2/../../../../../H-x86_64-mingw32/nios2-elf/lib/mno-hw-mul\libc.a(lib_a-atexit.o) (__register_exitproc)
c:/altera_lite/15.1/nios2eds/bin/gnu/h-x86_64-mingw32/bin/../lib/gcc/nios2-elf/4.9.2/../../../../../H-x86_64-mingw32/nios2-elf/lib/mno-hw-mul\libc.a(lib_a-__call_atexit.o)
                              c:/altera_lite/15.1/nios2eds/bin/gnu/h-x86_64-mingw32/bin/../lib/gcc/nios2-elf/4.9.2/../../../../../H-x86_64-mingw32/nios2-elf/lib/mno-hw-mul\libc.a(lib_a-exit.o) (__call_exitprocs)
../lms_ctr_bsp/\libhal_bsp.a(alt_exit.o)
                              c:/altera_lite/15.1/nios2eds/bin/gnu/h-x86_64-mingw32/bin/../lib/gcc/nios2-elf/4.9.2/../../../../../H-x86_64-mingw32/nios2-elf/lib/mno-hw-mul\libc.a(lib_a-exit.o) (_exit)

Allocating common symbols
Common symbol       size              file

block               0x1               obj/default/main.o
glEp0Buffer_Tx      0x40              obj/default/main.o
data_cnt            0x1               obj/default/main.o
dac_data            0x2               obj/default/main.o
errno               0x4               c:/altera_lite/15.1/nios2eds/bin/gnu/h-x86_64-mingw32/bin/../lib/gcc/nios2-elf/4.9.2/../../../../../H-x86_64-mingw32/nios2-elf/lib/mno-hw-mul\libc.a(lib_a-int_errno.o)
MCU_retries         0x1               obj/default/main.o
sc_brdg_data        0x4               obj/default/main.o
fpga_data           0x4               obj/default/main.o
last_portion        0x4               obj/default/main.o
current_portion     0x4               obj/default/main.o
test                0x1               obj/default/main.o
cmd_errors          0x1               obj/default/main.o
flash_page_data     0x100             obj/default/main.o
fpga_byte           0x4               obj/default/main.o
glEp0Buffer_Rx      0x40              obj/default/main.o

Memory Configuration

Name             Origin             Length             Attributes
reset            0x0000000000008000 0x0000000000000020
oc_mem           0x0000000000008020 0x0000000000007fe0
*default*        0x0000000000000000 0xffffffffffffffff

Linker script and memory map

LOAD ../lms_ctr_bsp//obj/HAL/src/crt0.o
LOAD obj/default/i2c_opencores.o
LOAD obj/default/main.o
LOAD obj/default/spi_flash_lib.o
LOAD c:/altera_lite/15.1/nios2eds/bin/gnu/h-x86_64-mingw32/bin/../lib/gcc/nios2-elf/4.9.2/../../../../../H-x86_64-mingw32/nios2-elf/lib/mno-hw-mul\libstdc++.a
LOAD c:/altera_lite/15.1/nios2eds/bin/gnu/h-x86_64-mingw32/bin/../lib/gcc/nios2-elf/4.9.2/../../../../../H-x86_64-mingw32/nios2-elf/lib/mno-hw-mul\libm.a
LOAD c:/altera_lite/15.1/nios2eds/bin/gnu/h-x86_64-mingw32/bin/../lib/gcc/nios2-elf/4.9.2/mno-hw-mul\libgcc.a
START GROUP
LOAD c:/altera_lite/15.1/nios2eds/bin/gnu/h-x86_64-mingw32/bin/../lib/gcc/nios2-elf/4.9.2/../../../../../H-x86_64-mingw32/nios2-elf/lib/mno-hw-mul\libc.a
LOAD c:/altera_lite/15.1/nios2eds/bin/gnu/h-x86_64-mingw32/bin/../lib/gcc/nios2-elf/4.9.2/mno-hw-mul\libgcc.a
LOAD ../lms_ctr_bsp/\libhal_bsp.a
LOAD c:/altera_lite/15.1/nios2eds/bin/gnu/h-x86_64-mingw32/bin/../lib/gcc/nios2-elf/4.9.2/../../../../../H-x86_64-mingw32/nios2-elf/lib/mno-hw-mul\libm.a
END GROUP
LOAD c:/altera_lite/15.1/nios2eds/bin/gnu/h-x86_64-mingw32/bin/../lib/gcc/nios2-elf/4.9.2/mno-hw-mul\libgcc.a
                0x0000000000008000                __alt_mem_oc_mem = 0x8000

.entry          0x0000000000008000       0x20
 *(.entry)
 .entry         0x0000000000008000       0x20 ../lms_ctr_bsp//obj/HAL/src/crt0.o
                0x0000000000008000                __reset

.exceptions     0x0000000000008020        0x0
                0x0000000000008020                PROVIDE (__ram_exceptions_start, ABSOLUTE (.))
                0x0000000000008020                . = ALIGN (0x20)
 *(.irq)
 *(.exceptions.entry.label)
 *(.exceptions.entry.user)
 *(.exceptions.entry.ecc_fatal)
 *(.exceptions.entry)
 *(.exceptions.irqtest.user)
 *(.exceptions.irqtest)
 *(.exceptions.irqhandler.user)
 *(.exceptions.irqhandler)
 *(.exceptions.irqreturn.user)
 *(.exceptions.irqreturn)
 *(.exceptions.notirq.label)
 *(.exceptions.notirq.user)
 *(.exceptions.notirq)
 *(.exceptions.soft.user)
 *(.exceptions.soft)
 *(.exceptions.unknown.user)
 *(.exceptions.unknown)
 *(.exceptions.exit.label)
 *(.exceptions.exit.user)
 *(.exceptions.exit)
 *(.exceptions)
                0x0000000000008020                PROVIDE (__ram_exceptions_end, ABSOLUTE (.))
                0x0000000000008020                PROVIDE (__flash_exceptions_start, LOADADDR (.exceptions))

.text           0x0000000000008020     0x20f4
                0x0000000000008020                PROVIDE (stext, ABSOLUTE (.))
 *(.interp)
 *(.hash)
 *(.dynsym)
 *(.dynstr)
 *(.gnu.version)
 *(.gnu.version_d)
 *(.gnu.version_r)
 *(.rel.init)
 *(.rela.init)
 *(.rel.text .rel.text.* .rel.gnu.linkonce.t.*)
 *(.rela.text .rela.text.* .rela.gnu.linkonce.t.*)
 *(.rel.fini)
 *(.rela.fini)
 *(.rel.rodata .rel.rodata.* .rel.gnu.linkonce.r.*)
 *(.rela.rodata .rela.rodata.* .rela.gnu.linkonce.r.*)
 *(.rel.data .rel.data.* .rel.gnu.linkonce.d.*)
 *(.rela.data .rela.data.* .rela.gnu.linkonce.d.*)
 *(.rel.tdata .rel.tdata.* .rel.gnu.linkonce.td.*)
 *(.rela.tdata .rela.tdata.* .rela.gnu.linkonce.td.*)
 *(.rel.tbss .rel.tbss.* .rel.gnu.linkonce.tb.*)
 *(.rela.tbss .rela.tbss.* .rela.gnu.linkonce.tb.*)
 *(.rel.ctors)
 *(.rela.ctors)
 *(.rel.dtors)
 *(.rela.dtors)
 *(.rel.got)
 *(.rela.got)
 *(.rel.sdata .rel.sdata.* .rel.gnu.linkonce.s.*)
 *(.rela.sdata .rela.sdata.* .rela.gnu.linkonce.s.*)
 *(.rel.sbss .rel.sbss.* .rel.gnu.linkonce.sb.*)
 *(.rela.sbss .rela.sbss.* .rela.gnu.linkonce.sb.*)
 *(.rel.sdata2 .rel.sdata2.* .rel.gnu.linkonce.s2.*)
 *(.rela.sdata2 .rela.sdata2.* .rela.gnu.linkonce.s2.*)
 *(.rel.sbss2 .rel.sbss2.* .rel.gnu.linkonce.sb2.*)
 *(.rela.sbss2 .rela.sbss2.* .rela.gnu.linkonce.sb2.*)
 *(.rel.bss .rel.bss.* .rel.gnu.linkonce.b.*)
 *(.rela.bss .rela.bss.* .rela.gnu.linkonce.b.*)
 *(.rel.plt)
 *(.rela.plt)
 *(.rel.dyn)
 *(.init)
 *(.plt)
 *(.text .stub .text.* .gnu.linkonce.t.*)
 .text          0x0000000000008020       0x3c ../lms_ctr_bsp//obj/HAL/src/crt0.o
                0x0000000000008020                _start
 .text          0x000000000000805c      0x278 obj/default/i2c_opencores.o
                0x000000000000805c                I2C_init
                0x0000000000008110                I2C_start
                0x00000000000081ac                I2C_read
                0x0000000000008228                I2C_write
 .text          0x00000000000082d4      0xb9c obj/default/main.o
                0x00000000000082d4                Check_many_blocks
                0x0000000000008348                getFifoData
                0x00000000000083b0                set_led
                0x00000000000083e4                main
 .text          0x0000000000008e70      0x4fc obj/default/spi_flash_lib.o
                0x0000000000008e70                ReverseBitOrder
                0x0000000000008f18                FlashSpiFastRead
                0x0000000000008f40                FlashSpiTransfer
                0x0000000000009124                CyFxSpiWaitForStatus
                0x00000000000091fc                FlashSpiEraseSector
 .text          0x000000000000936c      0x12c c:/altera_lite/15.1/nios2eds/bin/gnu/h-x86_64-mingw32/bin/../lib/gcc/nios2-elf/4.9.2/mno-hw-mul\libgcc.a(lib2-divmod.o)
                0x00000000000093d8                __divsi3
                0x000000000000942c                __modsi3
                0x0000000000009488                __udivsi3
                0x0000000000009490                __umodsi3
 .text          0x0000000000009498       0x28 c:/altera_lite/15.1/nios2eds/bin/gnu/h-x86_64-mingw32/bin/../lib/gcc/nios2-elf/4.9.2/mno-hw-mul\libgcc.a(lib2-mul.o)
                0x0000000000009498                __mulsi3
 .text          0x00000000000094c0        0x0 c:/altera_lite/15.1/nios2eds/bin/gnu/h-x86_64-mingw32/bin/../lib/gcc/nios2-elf/4.9.2/../../../../../H-x86_64-mingw32/nios2-elf/lib/mno-hw-mul\libc.a(lib_a-memset.o)
 .text.memset   0x00000000000094c0      0x124 c:/altera_lite/15.1/nios2eds/bin/gnu/h-x86_64-mingw32/bin/../lib/gcc/nios2-elf/4.9.2/../../../../../H-x86_64-mingw32/nios2-elf/lib/mno-hw-mul\libc.a(lib_a-memset.o)
                0x00000000000094c0                memset
 .text          0x00000000000095e4       0xe4 ../lms_ctr_bsp/\libhal_bsp.a(alt_load.o)
                0x0000000000009648                alt_load
 .text          0x00000000000096c8       0x5c ../lms_ctr_bsp/\libhal_bsp.a(alt_main.o)
                0x00000000000096c8                alt_main
 .text          0x0000000000009724       0x30 ../lms_ctr_bsp/\libhal_bsp.a(alt_usleep.o)
                0x0000000000009724                usleep
 .text          0x0000000000009754       0x58 ../lms_ctr_bsp/\libhal_bsp.a(alt_sys_init.o)
                0x0000000000009754                alt_irq_init
                0x0000000000009788                alt_sys_init
 .text          0x00000000000097ac      0x204 ../lms_ctr_bsp/\libhal_bsp.a(altera_avalon_spi.o)
                0x00000000000097ac                alt_avalon_spi_command
 .text          0x00000000000099b0      0x158 ../lms_ctr_bsp/\libhal_bsp.a(alt_busy_sleep.o)
                0x00000000000099b0                alt_busy_sleep
 .text          0x0000000000009b08      0x128 ../lms_ctr_bsp/\libhal_bsp.a(alt_close.o)
                0x0000000000009b58                close
 .text          0x0000000000009c30       0x1c ../lms_ctr_bsp/\libhal_bsp.a(alt_dcache_flush_all.o)
                0x0000000000009c30                alt_dcache_flush_all
 .text          0x0000000000009c4c       0x2c ../lms_ctr_bsp/\libhal_bsp.a(alt_dev.o)
 .text          0x0000000000009c78       0x5c ../lms_ctr_bsp/\libhal_bsp.a(alt_do_ctors.o)
                0x0000000000009c78                _do_ctors
 .text          0x0000000000009cd4       0x5c ../lms_ctr_bsp/\libhal_bsp.a(alt_do_dtors.o)
                0x0000000000009cd4                _do_dtors
 .text          0x0000000000009d30        0x0 ../lms_ctr_bsp/\libhal_bsp.a(alt_errno.o)
 .text          0x0000000000009d30       0x1c ../lms_ctr_bsp/\libhal_bsp.a(alt_icache_flush_all.o)
                0x0000000000009d30                alt_icache_flush_all
 .text          0x0000000000009d4c       0x80 ../lms_ctr_bsp/\libhal_bsp.a(alt_release_fd.o)
                0x0000000000009d4c                alt_release_fd
 .text          0x0000000000009dcc       0x20 ../lms_ctr_bsp/\libhal_bsp.a(altera_nios2_gen2_irq.o)
                0x0000000000009dcc                altera_nios2_gen2_irq_init
 .text          0x0000000000009dec        0x0 c:/altera_lite/15.1/nios2eds/bin/gnu/h-x86_64-mingw32/bin/../lib/gcc/nios2-elf/4.9.2/../../../../../H-x86_64-mingw32/nios2-elf/lib/mno-hw-mul\libc.a(lib_a-atexit.o)
 .text.atexit   0x0000000000009dec       0x14 c:/altera_lite/15.1/nios2eds/bin/gnu/h-x86_64-mingw32/bin/../lib/gcc/nios2-elf/4.9.2/../../../../../H-x86_64-mingw32/nios2-elf/lib/mno-hw-mul\libc.a(lib_a-atexit.o)
                0x0000000000009dec                atexit
 .text          0x0000000000009e00        0x0 c:/altera_lite/15.1/nios2eds/bin/gnu/h-x86_64-mingw32/bin/../lib/gcc/nios2-elf/4.9.2/../../../../../H-x86_64-mingw32/nios2-elf/lib/mno-hw-mul\libc.a(lib_a-exit.o)
 .text.exit     0x0000000000009e00       0x38 c:/altera_lite/15.1/nios2eds/bin/gnu/h-x86_64-mingw32/bin/../lib/gcc/nios2-elf/4.9.2/../../../../../H-x86_64-mingw32/nios2-elf/lib/mno-hw-mul\libc.a(lib_a-exit.o)
                0x0000000000009e00                exit
 .text          0x0000000000009e38        0x0 c:/altera_lite/15.1/nios2eds/bin/gnu/h-x86_64-mingw32/bin/../lib/gcc/nios2-elf/4.9.2/../../../../../H-x86_64-mingw32/nios2-elf/lib/mno-hw-mul\libc.a(lib_a-impure.o)
 .text          0x0000000000009e38        0x0 c:/altera_lite/15.1/nios2eds/bin/gnu/h-x86_64-mingw32/bin/../lib/gcc/nios2-elf/4.9.2/../../../../../H-x86_64-mingw32/nios2-elf/lib/mno-hw-mul\libc.a(lib_a-int_errno.o)
 .text          0x0000000000009e38        0x0 c:/altera_lite/15.1/nios2eds/bin/gnu/h-x86_64-mingw32/bin/../lib/gcc/nios2-elf/4.9.2/../../../../../H-x86_64-mingw32/nios2-elf/lib/mno-hw-mul\libc.a(lib_a-__atexit.o)
 .text.__register_exitproc
                0x0000000000009e38      0x114 c:/altera_lite/15.1/nios2eds/bin/gnu/h-x86_64-mingw32/bin/../lib/gcc/nios2-elf/4.9.2/../../../../../H-x86_64-mingw32/nios2-elf/lib/mno-hw-mul\libc.a(lib_a-__atexit.o)
                0x0000000000009e38                __register_exitproc
 .text          0x0000000000009f4c        0x0 c:/altera_lite/15.1/nios2eds/bin/gnu/h-x86_64-mingw32/bin/../lib/gcc/nios2-elf/4.9.2/../../../../../H-x86_64-mingw32/nios2-elf/lib/mno-hw-mul\libc.a(lib_a-__call_atexit.o)
 .text.__call_exitprocs
                0x0000000000009f4c      0x194 c:/altera_lite/15.1/nios2eds/bin/gnu/h-x86_64-mingw32/bin/../lib/gcc/nios2-elf/4.9.2/../../../../../H-x86_64-mingw32/nios2-elf/lib/mno-hw-mul\libc.a(lib_a-__call_atexit.o)
                0x0000000000009f4c                __call_exitprocs
 .text          0x000000000000a0e0       0x34 ../lms_ctr_bsp/\libhal_bsp.a(alt_exit.o)
                0x000000000000a0e0                _exit
 *(.gnu.warning.*)
 *(.fini)
                0x000000000000a114                PROVIDE (__etext, ABSOLUTE (.))
                0x000000000000a114                PROVIDE (_etext, ABSOLUTE (.))
                0x000000000000a114                PROVIDE (etext, ABSOLUTE (.))
 *(.eh_frame_hdr)
                0x000000000000a114                . = ALIGN (0x4)
                0x000000000000a114                PROVIDE (__preinit_array_start, ABSOLUTE (.))
 *(.preinit_array)
                0x000000000000a114                PROVIDE (__preinit_array_end, ABSOLUTE (.))
                0x000000000000a114                PROVIDE (__init_array_start, ABSOLUTE (.))
 *(.init_array)
                0x000000000000a114                PROVIDE (__init_array_end, ABSOLUTE (.))
                0x000000000000a114                PROVIDE (__fini_array_start, ABSOLUTE (.))
 *(.fini_array)
                0x000000000000a114                PROVIDE (__fini_array_end, ABSOLUTE (.))
 *(.eh_frame)
 *(.gcc_except_table .gcc_except_table.*)
 *(.dynamic)
                0x000000000000a114                PROVIDE (__CTOR_LIST__, ABSOLUTE (.))
 *(.ctors)
 *(SORT(.ctors.*))
                0x000000000000a114                PROVIDE (__CTOR_END__, ABSOLUTE (.))
                0x000000000000a114                PROVIDE (__DTOR_LIST__, ABSOLUTE (.))
 *(.dtors)
 *(SORT(.dtors.*))
                0x000000000000a114                PROVIDE (__DTOR_END__, ABSOLUTE (.))
 *(.jcr)
                0x000000000000a114                . = ALIGN (0x4)

.rodata         0x000000000000a114       0x10
                0x000000000000a114                PROVIDE (__ram_rodata_start, ABSOLUTE (.))
                0x000000000000a114                . = ALIGN (0x4)
 *(.rodata .rodata.* .gnu.linkonce.r.*)
 .rodata        0x000000000000a114        0xc ../lms_ctr_bsp/\libhal_bsp.a(alt_dev.o)
 .rodata.str1.4
                0x000000000000a120        0x4 c:/altera_lite/15.1/nios2eds/bin/gnu/h-x86_64-mingw32/bin/../lib/gcc/nios2-elf/4.9.2/../../../../../H-x86_64-mingw32/nios2-elf/lib/mno-hw-mul\libc.a(lib_a-impure.o)
 *(.rodata1)
                0x000000000000a124                . = ALIGN (0x4)
                0x000000000000a124                PROVIDE (__ram_rodata_end, ABSOLUTE (.))
                0x000000000000a114                PROVIDE (__flash_rodata_start, LOADADDR (.rodata))

.rwdata         0x000000000000a124      0x5fc load address 0x000000000000a720
                0x000000000000a124                PROVIDE (__ram_rwdata_start, ABSOLUTE (.))
                0x000000000000a124                . = ALIGN (0x4)
 *(.got.plt)
 *(.got)
 *(.data1)
 *(.data .data.* .gnu.linkonce.d.*)
 .data          0x000000000000a124        0x0 ../lms_ctr_bsp//obj/HAL/src/crt0.o
 .data          0x000000000000a124        0x0 obj/default/i2c_opencores.o
 .data          0x000000000000a124        0x0 obj/default/main.o
 .data          0x000000000000a124        0x0 obj/default/spi_flash_lib.o
 .data          0x000000000000a124        0x0 c:/altera_lite/15.1/nios2eds/bin/gnu/h-x86_64-mingw32/bin/../lib/gcc/nios2-elf/4.9.2/mno-hw-mul\libgcc.a(lib2-divmod.o)
 .data          0x000000000000a124        0x0 c:/altera_lite/15.1/nios2eds/bin/gnu/h-x86_64-mingw32/bin/../lib/gcc/nios2-elf/4.9.2/mno-hw-mul\libgcc.a(lib2-mul.o)
 .data          0x000000000000a124        0x0 c:/altera_lite/15.1/nios2eds/bin/gnu/h-x86_64-mingw32/bin/../lib/gcc/nios2-elf/4.9.2/../../../../../H-x86_64-mingw32/nios2-elf/lib/mno-hw-mul\libc.a(lib_a-memset.o)
 .data          0x000000000000a124        0x0 ../lms_ctr_bsp/\libhal_bsp.a(alt_load.o)
 .data          0x000000000000a124        0x0 ../lms_ctr_bsp/\libhal_bsp.a(alt_main.o)
 .data          0x000000000000a124        0x0 ../lms_ctr_bsp/\libhal_bsp.a(alt_usleep.o)
 .data          0x000000000000a124        0x0 ../lms_ctr_bsp/\libhal_bsp.a(alt_sys_init.o)
 .data          0x000000000000a124        0x0 ../lms_ctr_bsp/\libhal_bsp.a(altera_avalon_spi.o)
 .data          0x000000000000a124        0x0 ../lms_ctr_bsp/\libhal_bsp.a(alt_busy_sleep.o)
 .data          0x000000000000a124        0x0 ../lms_ctr_bsp/\libhal_bsp.a(alt_close.o)
 .data          0x000000000000a124        0x0 ../lms_ctr_bsp/\libhal_bsp.a(alt_dcache_flush_all.o)
 .data          0x000000000000a124      0x1a8 ../lms_ctr_bsp/\libhal_bsp.a(alt_dev.o)
                0x000000000000a124                alt_dev_null
                0x000000000000a14c                alt_fd_list
 .data          0x000000000000a2cc        0x0 ../lms_ctr_bsp/\libhal_bsp.a(alt_do_ctors.o)
 .data          0x000000000000a2cc        0x0 ../lms_ctr_bsp/\libhal_bsp.a(alt_do_dtors.o)
 .data          0x000000000000a2cc        0x0 ../lms_ctr_bsp/\libhal_bsp.a(alt_errno.o)
 .data          0x000000000000a2cc        0x0 ../lms_ctr_bsp/\libhal_bsp.a(alt_icache_flush_all.o)
 .data          0x000000000000a2cc        0x0 ../lms_ctr_bsp/\libhal_bsp.a(alt_release_fd.o)
 .data          0x000000000000a2cc        0x0 ../lms_ctr_bsp/\libhal_bsp.a(altera_nios2_gen2_irq.o)
 .data          0x000000000000a2cc        0x0 c:/altera_lite/15.1/nios2eds/bin/gnu/h-x86_64-mingw32/bin/../lib/gcc/nios2-elf/4.9.2/../../../../../H-x86_64-mingw32/nios2-elf/lib/mno-hw-mul\libc.a(lib_a-atexit.o)
 .data          0x000000000000a2cc        0x0 c:/altera_lite/15.1/nios2eds/bin/gnu/h-x86_64-mingw32/bin/../lib/gcc/nios2-elf/4.9.2/../../../../../H-x86_64-mingw32/nios2-elf/lib/mno-hw-mul\libc.a(lib_a-exit.o)
 .data          0x000000000000a2cc        0x0 c:/altera_lite/15.1/nios2eds/bin/gnu/h-x86_64-mingw32/bin/../lib/gcc/nios2-elf/4.9.2/../../../../../H-x86_64-mingw32/nios2-elf/lib/mno-hw-mul\libc.a(lib_a-impure.o)
 .data.impure_data
                0x000000000000a2cc      0x424 c:/altera_lite/15.1/nios2eds/bin/gnu/h-x86_64-mingw32/bin/../lib/gcc/nios2-elf/4.9.2/../../../../../H-x86_64-mingw32/nios2-elf/lib/mno-hw-mul\libc.a(lib_a-impure.o)
 .data          0x000000000000a6f0        0x0 c:/altera_lite/15.1/nios2eds/bin/gnu/h-x86_64-mingw32/bin/../lib/gcc/nios2-elf/4.9.2/../../../../../H-x86_64-mingw32/nios2-elf/lib/mno-hw-mul\libc.a(lib_a-int_errno.o)
 .data          0x000000000000a6f0        0x0 c:/altera_lite/15.1/nios2eds/bin/gnu/h-x86_64-mingw32/bin/../lib/gcc/nios2-elf/4.9.2/../../../../../H-x86_64-mingw32/nios2-elf/lib/mno-hw-mul\libc.a(lib_a-__atexit.o)
 .data          0x000000000000a6f0        0x0 c:/altera_lite/15.1/nios2eds/bin/gnu/h-x86_64-mingw32/bin/../lib/gcc/nios2-elf/4.9.2/../../../../../H-x86_64-mingw32/nios2-elf/lib/mno-hw-mul\libc.a(lib_a-__call_atexit.o)
 .data          0x000000000000a6f0        0x0 ../lms_ctr_bsp/\libhal_bsp.a(alt_exit.o)
                0x00000000000126f0                _gp = ABSOLUTE ((. + 0x8000))
                0x00000000000126f0                PROVIDE (gp, _gp)
 *(.rwdata .rwdata.*)
 *(.sdata .sdata.* .gnu.linkonce.s.*)
 .sdata         0x000000000000a6f0       0x10 obj/default/main.o
                0x000000000000a6f0                LMS_Ctrl_Packet_Tx
                0x000000000000a6f4                LMS_Ctrl_Packet_Rx
                0x000000000000a6f8                dac_val
                0x000000000000a6fa                converted_val
                0x000000000000a6fc                Board_Config_FPGA
 .sdata         0x000000000000a700       0x14 ../lms_ctr_bsp/\libhal_bsp.a(alt_dev.o)
                0x000000000000a700                alt_fs_list
                0x000000000000a708                alt_dev_list
                0x000000000000a710                alt_max_fd
 .sdata         0x000000000000a714        0x4 ../lms_ctr_bsp/\libhal_bsp.a(alt_errno.o)
                0x000000000000a714                alt_errno
 .sdata._global_impure_ptr
                0x000000000000a718        0x4 c:/altera_lite/15.1/nios2eds/bin/gnu/h-x86_64-mingw32/bin/../lib/gcc/nios2-elf/4.9.2/../../../../../H-x86_64-mingw32/nios2-elf/lib/mno-hw-mul\libc.a(lib_a-impure.o)
                0x000000000000a718                _global_impure_ptr
 .sdata._impure_ptr
                0x000000000000a71c        0x4 c:/altera_lite/15.1/nios2eds/bin/gnu/h-x86_64-mingw32/bin/../lib/gcc/nios2-elf/4.9.2/../../../../../H-x86_64-mingw32/nios2-elf/lib/mno-hw-mul\libc.a(lib_a-impure.o)
                0x000000000000a71c                _impure_ptr
 *(.sdata2 .sdata2.* .gnu.linkonce.s2.*)
                0x000000000000a720                . = ALIGN (0x4)
                0x000000000000a720                _edata = ABSOLUTE (.)
                0x000000000000a720                PROVIDE (edata, ABSOLUTE (.))
                0x000000000000a720                PROVIDE (__ram_rwdata_end, ABSOLUTE (.))
                0x000000000000a720                PROVIDE (__flash_rwdata_start, LOADADDR (.rwdata))

.bss            0x000000000000ad1c      0x1c4
                0x000000000000ad1c                __bss_start = ABSOLUTE (.)
                0x000000000000ad1c                PROVIDE (__sbss_start, ABSOLUTE (.))
                0x000000000000ad1c                PROVIDE (___sbss_start, ABSOLUTE (.))
 *(.dynsbss)
 *(.sbss .sbss.* .gnu.linkonce.sb.*)
 .sbss          0x000000000000ad1c       0x10 obj/default/main.o
                0x000000000000ad1c                flash_page
                0x000000000000ad20                flash_page_data_cnt
                0x000000000000ad24                flash_data_cnt_free
                0x000000000000ad28                flash_data_counter_to_copy
 .sbss          0x000000000000ad2c       0x20 obj/default/main.o
                0x000000000000ad2c                block
                0x000000000000ad2d                data_cnt
                0x000000000000ad2e                dac_data
                0x000000000000ad30                MCU_retries
                0x000000000000ad31                sc_brdg_data
                0x000000000000ad38                fpga_data
                0x000000000000ad3c                last_portion
                0x000000000000ad40                current_portion
                0x000000000000ad44                test
                0x000000000000ad45                cmd_errors
                0x000000000000ad48                fpga_byte
 .sbss          0x000000000000ad4c        0x1 obj/default/spi_flash_lib.o
                0x000000000000ad4c                spiFastRead
 *fill*         0x000000000000ad4d        0x3 
 .sbss          0x000000000000ad50        0xc ../lms_ctr_bsp/\libhal_bsp.a(alt_main.o)
                0x000000000000ad50                alt_argc
                0x000000000000ad54                alt_argv
                0x000000000000ad58                alt_envp
 .sbss          0x000000000000ad5c        0x4 c:/altera_lite/15.1/nios2eds/bin/gnu/h-x86_64-mingw32/bin/../lib/gcc/nios2-elf/4.9.2/../../../../../H-x86_64-mingw32/nios2-elf/lib/mno-hw-mul\libc.a(lib_a-int_errno.o)
                0x000000000000ad5c                errno
 *(.sbss2 .sbss2.* .gnu.linkonce.sb2.*)
 *(.scommon)
                0x000000000000ad60                PROVIDE (__sbss_end, ABSOLUTE (.))
                0x000000000000ad60                PROVIDE (___sbss_end, ABSOLUTE (.))
 *(.dynbss)
 *(.bss .bss.* .gnu.linkonce.b.*)
 .bss           0x000000000000ad60        0x0 ../lms_ctr_bsp//obj/HAL/src/crt0.o
 .bss           0x000000000000ad60        0x0 obj/default/i2c_opencores.o
 .bss           0x000000000000ad60        0x0 obj/default/main.o
 .bss           0x000000000000ad60        0x0 obj/default/spi_flash_lib.o
 .bss           0x000000000000ad60        0x0 c:/altera_lite/15.1/nios2eds/bin/gnu/h-x86_64-mingw32/bin/../lib/gcc/nios2-elf/4.9.2/mno-hw-mul\libgcc.a(lib2-divmod.o)
 .bss           0x000000000000ad60        0x0 c:/altera_lite/15.1/nios2eds/bin/gnu/h-x86_64-mingw32/bin/../lib/gcc/nios2-elf/4.9.2/mno-hw-mul\libgcc.a(lib2-mul.o)
 .bss           0x000000000000ad60        0x0 c:/altera_lite/15.1/nios2eds/bin/gnu/h-x86_64-mingw32/bin/../lib/gcc/nios2-elf/4.9.2/../../../../../H-x86_64-mingw32/nios2-elf/lib/mno-hw-mul\libc.a(lib_a-memset.o)
 .bss           0x000000000000ad60        0x0 ../lms_ctr_bsp/\libhal_bsp.a(alt_load.o)
 .bss           0x000000000000ad60        0x0 ../lms_ctr_bsp/\libhal_bsp.a(alt_main.o)
 .bss           0x000000000000ad60        0x0 ../lms_ctr_bsp/\libhal_bsp.a(alt_usleep.o)
 .bss           0x000000000000ad60        0x0 ../lms_ctr_bsp/\libhal_bsp.a(alt_sys_init.o)
 .bss           0x000000000000ad60        0x0 ../lms_ctr_bsp/\libhal_bsp.a(altera_avalon_spi.o)
 .bss           0x000000000000ad60        0x0 ../lms_ctr_bsp/\libhal_bsp.a(alt_busy_sleep.o)
 .bss           0x000000000000ad60        0x0 ../lms_ctr_bsp/\libhal_bsp.a(alt_close.o)
 .bss           0x000000000000ad60        0x0 ../lms_ctr_bsp/\libhal_bsp.a(alt_dcache_flush_all.o)
 .bss           0x000000000000ad60        0x0 ../lms_ctr_bsp/\libhal_bsp.a(alt_dev.o)
 .bss           0x000000000000ad60        0x0 ../lms_ctr_bsp/\libhal_bsp.a(alt_do_ctors.o)
 .bss           0x000000000000ad60        0x0 ../lms_ctr_bsp/\libhal_bsp.a(alt_do_dtors.o)
 .bss           0x000000000000ad60        0x0 ../lms_ctr_bsp/\libhal_bsp.a(alt_errno.o)
 .bss           0x000000000000ad60        0x0 ../lms_ctr_bsp/\libhal_bsp.a(alt_icache_flush_all.o)
 .bss           0x000000000000ad60        0x0 ../lms_ctr_bsp/\libhal_bsp.a(alt_release_fd.o)
 .bss           0x000000000000ad60        0x0 ../lms_ctr_bsp/\libhal_bsp.a(altera_nios2_gen2_irq.o)
 .bss           0x000000000000ad60        0x0 c:/altera_lite/15.1/nios2eds/bin/gnu/h-x86_64-mingw32/bin/../lib/gcc/nios2-elf/4.9.2/../../../../../H-x86_64-mingw32/nios2-elf/lib/mno-hw-mul\libc.a(lib_a-atexit.o)
 .bss           0x000000000000ad60        0x0 c:/altera_lite/15.1/nios2eds/bin/gnu/h-x86_64-mingw32/bin/../lib/gcc/nios2-elf/4.9.2/../../../../../H-x86_64-mingw32/nios2-elf/lib/mno-hw-mul\libc.a(lib_a-exit.o)
 .bss           0x000000000000ad60        0x0 c:/altera_lite/15.1/nios2eds/bin/gnu/h-x86_64-mingw32/bin/../lib/gcc/nios2-elf/4.9.2/../../../../../H-x86_64-mingw32/nios2-elf/lib/mno-hw-mul\libc.a(lib_a-impure.o)
 .bss           0x000000000000ad60        0x0 c:/altera_lite/15.1/nios2eds/bin/gnu/h-x86_64-mingw32/bin/../lib/gcc/nios2-elf/4.9.2/../../../../../H-x86_64-mingw32/nios2-elf/lib/mno-hw-mul\libc.a(lib_a-int_errno.o)
 .bss           0x000000000000ad60        0x0 c:/altera_lite/15.1/nios2eds/bin/gnu/h-x86_64-mingw32/bin/../lib/gcc/nios2-elf/4.9.2/../../../../../H-x86_64-mingw32/nios2-elf/lib/mno-hw-mul\libc.a(lib_a-__atexit.o)
 .bss           0x000000000000ad60        0x0 c:/altera_lite/15.1/nios2eds/bin/gnu/h-x86_64-mingw32/bin/../lib/gcc/nios2-elf/4.9.2/../../../../../H-x86_64-mingw32/nios2-elf/lib/mno-hw-mul\libc.a(lib_a-__call_atexit.o)
 .bss           0x000000000000ad60        0x0 ../lms_ctr_bsp/\libhal_bsp.a(alt_exit.o)
 *(COMMON)
 COMMON         0x000000000000ad60      0x180 obj/default/main.o
                0x000000000000ad60                glEp0Buffer_Tx
                0x000000000000ada0                flash_page_data
                0x000000000000aea0                glEp0Buffer_Rx
                0x000000000000aee0                . = ALIGN (0x4)
                0x000000000000aee0                __bss_end = ABSOLUTE (.)

.oc_mem         0x000000000000aee0        0x0
                0x000000000000aee0                PROVIDE (_alt_partition_oc_mem_start, ABSOLUTE (.))
 *(.oc_mem .oc_mem. oc_mem.*)
                0x000000000000aee0                . = ALIGN (0x4)
                0x000000000000aee0                PROVIDE (_alt_partition_oc_mem_end, ABSOLUTE (.))
                0x000000000000aee0                _end = ABSOLUTE (.)
                0x000000000000aee0                end = ABSOLUTE (.)
                0x000000000000aee0                __alt_stack_base = ABSOLUTE (.)
                0x000000000000aee0                PROVIDE (_alt_partition_oc_mem_load_addr, LOADADDR (.oc_mem))

.stab
 *(.stab)

.stabstr
 *(.stabstr)

.stab.excl
 *(.stab.excl)

.stab.exclstr
 *(.stab.exclstr)

.stab.index
 *(.stab.index)

.stab.indexstr
 *(.stab.indexstr)

.comment        0x0000000000000000       0x23
 *(.comment)
 .comment       0x0000000000000000       0x23 obj/default/i2c_opencores.o
                                         0x24 (size before relaxing)
 .comment       0x0000000000000000       0x24 obj/default/main.o
 .comment       0x0000000000000000       0x24 obj/default/spi_flash_lib.o
 .comment       0x0000000000000000       0x24 c:/altera_lite/15.1/nios2eds/bin/gnu/h-x86_64-mingw32/bin/../lib/gcc/nios2-elf/4.9.2/mno-hw-mul\libgcc.a(lib2-divmod.o)
 .comment       0x0000000000000000       0x24 c:/altera_lite/15.1/nios2eds/bin/gnu/h-x86_64-mingw32/bin/../lib/gcc/nios2-elf/4.9.2/mno-hw-mul\libgcc.a(lib2-mul.o)
 .comment       0x0000000000000000       0x24 c:/altera_lite/15.1/nios2eds/bin/gnu/h-x86_64-mingw32/bin/../lib/gcc/nios2-elf/4.9.2/../../../../../H-x86_64-mingw32/nios2-elf/lib/mno-hw-mul\libc.a(lib_a-memset.o)
 .comment       0x0000000000000000       0x24 ../lms_ctr_bsp/\libhal_bsp.a(alt_load.o)
 .comment       0x0000000000000000       0x24 ../lms_ctr_bsp/\libhal_bsp.a(alt_main.o)
 .comment       0x0000000000000000       0x24 ../lms_ctr_bsp/\libhal_bsp.a(alt_usleep.o)
 .comment       0x0000000000000000       0x24 ../lms_ctr_bsp/\libhal_bsp.a(alt_sys_init.o)
 .comment       0x0000000000000000       0x24 ../lms_ctr_bsp/\libhal_bsp.a(altera_avalon_spi.o)
 .comment       0x0000000000000000       0x24 ../lms_ctr_bsp/\libhal_bsp.a(alt_busy_sleep.o)
 .comment       0x0000000000000000       0x24 ../lms_ctr_bsp/\libhal_bsp.a(alt_close.o)
 .comment       0x0000000000000000       0x24 ../lms_ctr_bsp/\libhal_bsp.a(alt_dcache_flush_all.o)
 .comment       0x0000000000000000       0x24 ../lms_ctr_bsp/\libhal_bsp.a(alt_dev.o)
 .comment       0x0000000000000000       0x24 ../lms_ctr_bsp/\libhal_bsp.a(alt_do_ctors.o)
 .comment       0x0000000000000000       0x24 ../lms_ctr_bsp/\libhal_bsp.a(alt_do_dtors.o)
 .comment       0x0000000000000000       0x24 ../lms_ctr_bsp/\libhal_bsp.a(alt_errno.o)
 .comment       0x0000000000000000       0x24 ../lms_ctr_bsp/\libhal_bsp.a(alt_icache_flush_all.o)
 .comment       0x0000000000000000       0x24 ../lms_ctr_bsp/\libhal_bsp.a(alt_release_fd.o)
 .comment       0x0000000000000000       0x24 ../lms_ctr_bsp/\libhal_bsp.a(altera_nios2_gen2_irq.o)
 .comment       0x0000000000000000       0x24 c:/altera_lite/15.1/nios2eds/bin/gnu/h-x86_64-mingw32/bin/../lib/gcc/nios2-elf/4.9.2/../../../../../H-x86_64-mingw32/nios2-elf/lib/mno-hw-mul\libc.a(lib_a-atexit.o)
 .comment       0x0000000000000000       0x24 c:/altera_lite/15.1/nios2eds/bin/gnu/h-x86_64-mingw32/bin/../lib/gcc/nios2-elf/4.9.2/../../../../../H-x86_64-mingw32/nios2-elf/lib/mno-hw-mul\libc.a(lib_a-exit.o)
 .comment       0x0000000000000000       0x24 c:/altera_lite/15.1/nios2eds/bin/gnu/h-x86_64-mingw32/bin/../lib/gcc/nios2-elf/4.9.2/../../../../../H-x86_64-mingw32/nios2-elf/lib/mno-hw-mul\libc.a(lib_a-impure.o)
 .comment       0x0000000000000000       0x24 c:/altera_lite/15.1/nios2eds/bin/gnu/h-x86_64-mingw32/bin/../lib/gcc/nios2-elf/4.9.2/../../../../../H-x86_64-mingw32/nios2-elf/lib/mno-hw-mul\libc.a(lib_a-int_errno.o)
 .comment       0x0000000000000000       0x24 c:/altera_lite/15.1/nios2eds/bin/gnu/h-x86_64-mingw32/bin/../lib/gcc/nios2-elf/4.9.2/../../../../../H-x86_64-mingw32/nios2-elf/lib/mno-hw-mul\libc.a(lib_a-__atexit.o)
 .comment       0x0000000000000000       0x24 c:/altera_lite/15.1/nios2eds/bin/gnu/h-x86_64-mingw32/bin/../lib/gcc/nios2-elf/4.9.2/../../../../../H-x86_64-mingw32/nios2-elf/lib/mno-hw-mul\libc.a(lib_a-__call_atexit.o)
 .comment       0x0000000000000000       0x24 ../lms_ctr_bsp/\libhal_bsp.a(alt_exit.o)

.debug
 *(.debug)

.line
 *(.line)

.debug_srcinfo
 *(.debug_srcinfo)

.debug_sfnames
 *(.debug_sfnames)

.debug_aranges  0x0000000000000000      0x390
 *(.debug_aranges)
 .debug_aranges
                0x0000000000000000       0x28 ../lms_ctr_bsp//obj/HAL/src/crt0.o
 .debug_aranges
                0x0000000000000028       0x20 obj/default/i2c_opencores.o
 .debug_aranges
                0x0000000000000048       0x20 obj/default/main.o
 .debug_aranges
                0x0000000000000068       0x20 obj/default/spi_flash_lib.o
 .debug_aranges
                0x0000000000000088       0x20 c:/altera_lite/15.1/nios2eds/bin/gnu/h-x86_64-mingw32/bin/../lib/gcc/nios2-elf/4.9.2/mno-hw-mul\libgcc.a(lib2-divmod.o)
 .debug_aranges
                0x00000000000000a8       0x20 c:/altera_lite/15.1/nios2eds/bin/gnu/h-x86_64-mingw32/bin/../lib/gcc/nios2-elf/4.9.2/mno-hw-mul\libgcc.a(lib2-mul.o)
 .debug_aranges
                0x00000000000000c8       0x20 c:/altera_lite/15.1/nios2eds/bin/gnu/h-x86_64-mingw32/bin/../lib/gcc/nios2-elf/4.9.2/../../../../../H-x86_64-mingw32/nios2-elf/lib/mno-hw-mul\libc.a(lib_a-memset.o)
 .debug_aranges
                0x00000000000000e8       0x20 ../lms_ctr_bsp/\libhal_bsp.a(alt_load.o)
 .debug_aranges
                0x0000000000000108       0x20 ../lms_ctr_bsp/\libhal_bsp.a(alt_main.o)
 .debug_aranges
                0x0000000000000128       0x20 ../lms_ctr_bsp/\libhal_bsp.a(alt_usleep.o)
 .debug_aranges
                0x0000000000000148       0x20 ../lms_ctr_bsp/\libhal_bsp.a(alt_sys_init.o)
 .debug_aranges
                0x0000000000000168       0x20 ../lms_ctr_bsp/\libhal_bsp.a(altera_avalon_spi.o)
 .debug_aranges
                0x0000000000000188       0x20 ../lms_ctr_bsp/\libhal_bsp.a(alt_busy_sleep.o)
 .debug_aranges
                0x00000000000001a8       0x20 ../lms_ctr_bsp/\libhal_bsp.a(alt_close.o)
 .debug_aranges
                0x00000000000001c8       0x20 ../lms_ctr_bsp/\libhal_bsp.a(alt_dcache_flush_all.o)
 .debug_aranges
                0x00000000000001e8       0x20 ../lms_ctr_bsp/\libhal_bsp.a(alt_dev.o)
 .debug_aranges
                0x0000000000000208       0x20 ../lms_ctr_bsp/\libhal_bsp.a(alt_do_ctors.o)
 .debug_aranges
                0x0000000000000228       0x20 ../lms_ctr_bsp/\libhal_bsp.a(alt_do_dtors.o)
 .debug_aranges
                0x0000000000000248       0x18 ../lms_ctr_bsp/\libhal_bsp.a(alt_errno.o)
 .debug_aranges
                0x0000000000000260       0x20 ../lms_ctr_bsp/\libhal_bsp.a(alt_icache_flush_all.o)
 .debug_aranges
                0x0000000000000280       0x20 ../lms_ctr_bsp/\libhal_bsp.a(alt_release_fd.o)
 .debug_aranges
                0x00000000000002a0       0x20 ../lms_ctr_bsp/\libhal_bsp.a(altera_nios2_gen2_irq.o)
 .debug_aranges
                0x00000000000002c0       0x20 c:/altera_lite/15.1/nios2eds/bin/gnu/h-x86_64-mingw32/bin/../lib/gcc/nios2-elf/4.9.2/../../../../../H-x86_64-mingw32/nios2-elf/lib/mno-hw-mul\libc.a(lib_a-atexit.o)
 .debug_aranges
                0x00000000000002e0       0x20 c:/altera_lite/15.1/nios2eds/bin/gnu/h-x86_64-mingw32/bin/../lib/gcc/nios2-elf/4.9.2/../../../../../H-x86_64-mingw32/nios2-elf/lib/mno-hw-mul\libc.a(lib_a-exit.o)
 .debug_aranges
                0x0000000000000300       0x18 c:/altera_lite/15.1/nios2eds/bin/gnu/h-x86_64-mingw32/bin/../lib/gcc/nios2-elf/4.9.2/../../../../../H-x86_64-mingw32/nios2-elf/lib/mno-hw-mul\libc.a(lib_a-impure.o)
 .debug_aranges
                0x0000000000000318       0x18 c:/altera_lite/15.1/nios2eds/bin/gnu/h-x86_64-mingw32/bin/../lib/gcc/nios2-elf/4.9.2/../../../../../H-x86_64-mingw32/nios2-elf/lib/mno-hw-mul\libc.a(lib_a-int_errno.o)
 .debug_aranges
                0x0000000000000330       0x20 c:/altera_lite/15.1/nios2eds/bin/gnu/h-x86_64-mingw32/bin/../lib/gcc/nios2-elf/4.9.2/../../../../../H-x86_64-mingw32/nios2-elf/lib/mno-hw-mul\libc.a(lib_a-__atexit.o)
 .debug_aranges
                0x0000000000000350       0x20 c:/altera_lite/15.1/nios2eds/bin/gnu/h-x86_64-mingw32/bin/../lib/gcc/nios2-elf/4.9.2/../../../../../H-x86_64-mingw32/nios2-elf/lib/mno-hw-mul\libc.a(lib_a-__call_atexit.o)
 .debug_aranges
                0x0000000000000370       0x20 ../lms_ctr_bsp/\libhal_bsp.a(alt_exit.o)

.debug_pubnames
 *(.debug_pubnames)

.debug_info     0x0000000000000000     0x48f0
 *(.debug_info .gnu.linkonce.wi.*)
 .debug_info    0x0000000000000000       0x89 ../lms_ctr_bsp//obj/HAL/src/crt0.o
 .debug_info    0x0000000000000089      0x183 obj/default/i2c_opencores.o
 .debug_info    0x000000000000020c      0x567 obj/default/main.o
 .debug_info    0x0000000000000773      0x2ff obj/default/spi_flash_lib.o
 .debug_info    0x0000000000000a72      0x234 c:/altera_lite/15.1/nios2eds/bin/gnu/h-x86_64-mingw32/bin/../lib/gcc/nios2-elf/4.9.2/mno-hw-mul\libgcc.a(lib2-divmod.o)
 .debug_info    0x0000000000000ca6       0xb4 c:/altera_lite/15.1/nios2eds/bin/gnu/h-x86_64-mingw32/bin/../lib/gcc/nios2-elf/4.9.2/mno-hw-mul\libgcc.a(lib2-mul.o)
 .debug_info    0x0000000000000d5a      0x11a c:/altera_lite/15.1/nios2eds/bin/gnu/h-x86_64-mingw32/bin/../lib/gcc/nios2-elf/4.9.2/../../../../../H-x86_64-mingw32/nios2-elf/lib/mno-hw-mul\libc.a(lib_a-memset.o)
 .debug_info    0x0000000000000e74      0x13e ../lms_ctr_bsp/\libhal_bsp.a(alt_load.o)
 .debug_info    0x0000000000000fb2      0x12a ../lms_ctr_bsp/\libhal_bsp.a(alt_main.o)
 .debug_info    0x00000000000010dc       0xa9 ../lms_ctr_bsp/\libhal_bsp.a(alt_usleep.o)
 .debug_info    0x0000000000001185       0xcd ../lms_ctr_bsp/\libhal_bsp.a(alt_sys_init.o)
 .debug_info    0x0000000000001252      0x186 ../lms_ctr_bsp/\libhal_bsp.a(altera_avalon_spi.o)
 .debug_info    0x00000000000013d8       0xd0 ../lms_ctr_bsp/\libhal_bsp.a(alt_busy_sleep.o)
 .debug_info    0x00000000000014a8      0x31a ../lms_ctr_bsp/\libhal_bsp.a(alt_close.o)
 .debug_info    0x00000000000017c2       0x8b ../lms_ctr_bsp/\libhal_bsp.a(alt_dcache_flush_all.o)
 .debug_info    0x000000000000184d      0x495 ../lms_ctr_bsp/\libhal_bsp.a(alt_dev.o)
 .debug_info    0x0000000000001ce2       0x83 ../lms_ctr_bsp/\libhal_bsp.a(alt_do_ctors.o)
 .debug_info    0x0000000000001d65       0x83 ../lms_ctr_bsp/\libhal_bsp.a(alt_do_dtors.o)
 .debug_info    0x0000000000001de8       0x9f ../lms_ctr_bsp/\libhal_bsp.a(alt_errno.o)
 .debug_info    0x0000000000001e87       0x8b ../lms_ctr_bsp/\libhal_bsp.a(alt_icache_flush_all.o)
 .debug_info    0x0000000000001f12      0x2b0 ../lms_ctr_bsp/\libhal_bsp.a(alt_release_fd.o)
 .debug_info    0x00000000000021c2       0x8b ../lms_ctr_bsp/\libhal_bsp.a(altera_nios2_gen2_irq.o)
 .debug_info    0x000000000000224d      0x10a c:/altera_lite/15.1/nios2eds/bin/gnu/h-x86_64-mingw32/bin/../lib/gcc/nios2-elf/4.9.2/../../../../../H-x86_64-mingw32/nios2-elf/lib/mno-hw-mul\libc.a(lib_a-atexit.o)
 .debug_info    0x0000000000002357      0x8ef c:/altera_lite/15.1/nios2eds/bin/gnu/h-x86_64-mingw32/bin/../lib/gcc/nios2-elf/4.9.2/../../../../../H-x86_64-mingw32/nios2-elf/lib/mno-hw-mul\libc.a(lib_a-exit.o)
 .debug_info    0x0000000000002c46      0x89f c:/altera_lite/15.1/nios2eds/bin/gnu/h-x86_64-mingw32/bin/../lib/gcc/nios2-elf/4.9.2/../../../../../H-x86_64-mingw32/nios2-elf/lib/mno-hw-mul\libc.a(lib_a-impure.o)
 .debug_info    0x00000000000034e5       0x83 c:/altera_lite/15.1/nios2eds/bin/gnu/h-x86_64-mingw32/bin/../lib/gcc/nios2-elf/4.9.2/../../../../../H-x86_64-mingw32/nios2-elf/lib/mno-hw-mul\libc.a(lib_a-int_errno.o)
 .debug_info    0x0000000000003568      0x93f c:/altera_lite/15.1/nios2eds/bin/gnu/h-x86_64-mingw32/bin/../lib/gcc/nios2-elf/4.9.2/../../../../../H-x86_64-mingw32/nios2-elf/lib/mno-hw-mul\libc.a(lib_a-__atexit.o)
 .debug_info    0x0000000000003ea7      0x964 c:/altera_lite/15.1/nios2eds/bin/gnu/h-x86_64-mingw32/bin/../lib/gcc/nios2-elf/4.9.2/../../../../../H-x86_64-mingw32/nios2-elf/lib/mno-hw-mul\libc.a(lib_a-__call_atexit.o)
 .debug_info    0x000000000000480b       0xe5 ../lms_ctr_bsp/\libhal_bsp.a(alt_exit.o)

.debug_abbrev   0x0000000000000000     0x16bc
 *(.debug_abbrev)
 .debug_abbrev  0x0000000000000000       0x12 ../lms_ctr_bsp//obj/HAL/src/crt0.o
 .debug_abbrev  0x0000000000000012       0xb4 obj/default/i2c_opencores.o
 .debug_abbrev  0x00000000000000c6      0x16a obj/default/main.o
 .debug_abbrev  0x0000000000000230       0xf1 obj/default/spi_flash_lib.o
 .debug_abbrev  0x0000000000000321       0xd9 c:/altera_lite/15.1/nios2eds/bin/gnu/h-x86_64-mingw32/bin/../lib/gcc/nios2-elf/4.9.2/mno-hw-mul\libgcc.a(lib2-divmod.o)
 .debug_abbrev  0x00000000000003fa       0x6f c:/altera_lite/15.1/nios2eds/bin/gnu/h-x86_64-mingw32/bin/../lib/gcc/nios2-elf/4.9.2/mno-hw-mul\libgcc.a(lib2-mul.o)
 .debug_abbrev  0x0000000000000469       0xae c:/altera_lite/15.1/nios2eds/bin/gnu/h-x86_64-mingw32/bin/../lib/gcc/nios2-elf/4.9.2/../../../../../H-x86_64-mingw32/nios2-elf/lib/mno-hw-mul\libc.a(lib_a-memset.o)
 .debug_abbrev  0x0000000000000517       0x9f ../lms_ctr_bsp/\libhal_bsp.a(alt_load.o)
 .debug_abbrev  0x00000000000005b6       0xba ../lms_ctr_bsp/\libhal_bsp.a(alt_main.o)
 .debug_abbrev  0x0000000000000670       0x60 ../lms_ctr_bsp/\libhal_bsp.a(alt_usleep.o)
 .debug_abbrev  0x00000000000006d0       0x97 ../lms_ctr_bsp/\libhal_bsp.a(alt_sys_init.o)
 .debug_abbrev  0x0000000000000767       0x8a ../lms_ctr_bsp/\libhal_bsp.a(altera_avalon_spi.o)
 .debug_abbrev  0x00000000000007f1       0x7e ../lms_ctr_bsp/\libhal_bsp.a(alt_busy_sleep.o)
 .debug_abbrev  0x000000000000086f      0x11f ../lms_ctr_bsp/\libhal_bsp.a(alt_close.o)
 .debug_abbrev  0x000000000000098e       0x42 ../lms_ctr_bsp/\libhal_bsp.a(alt_dcache_flush_all.o)
 .debug_abbrev  0x00000000000009d0       0xd9 ../lms_ctr_bsp/\libhal_bsp.a(alt_dev.o)
 .debug_abbrev  0x0000000000000aa9       0x79 ../lms_ctr_bsp/\libhal_bsp.a(alt_do_ctors.o)
 .debug_abbrev  0x0000000000000b22       0x79 ../lms_ctr_bsp/\libhal_bsp.a(alt_do_dtors.o)
 .debug_abbrev  0x0000000000000b9b       0x5a ../lms_ctr_bsp/\libhal_bsp.a(alt_errno.o)
 .debug_abbrev  0x0000000000000bf5       0x42 ../lms_ctr_bsp/\libhal_bsp.a(alt_icache_flush_all.o)
 .debug_abbrev  0x0000000000000c37       0xde ../lms_ctr_bsp/\libhal_bsp.a(alt_release_fd.o)
 .debug_abbrev  0x0000000000000d15       0x42 ../lms_ctr_bsp/\libhal_bsp.a(altera_nios2_gen2_irq.o)
 .debug_abbrev  0x0000000000000d57       0xb8 c:/altera_lite/15.1/nios2eds/bin/gnu/h-x86_64-mingw32/bin/../lib/gcc/nios2-elf/4.9.2/../../../../../H-x86_64-mingw32/nios2-elf/lib/mno-hw-mul\libc.a(lib_a-atexit.o)
 .debug_abbrev  0x0000000000000e0f      0x1f5 c:/altera_lite/15.1/nios2eds/bin/gnu/h-x86_64-mingw32/bin/../lib/gcc/nios2-elf/4.9.2/../../../../../H-x86_64-mingw32/nios2-elf/lib/mno-hw-mul\libc.a(lib_a-exit.o)
 .debug_abbrev  0x0000000000001004      0x18f c:/altera_lite/15.1/nios2eds/bin/gnu/h-x86_64-mingw32/bin/../lib/gcc/nios2-elf/4.9.2/../../../../../H-x86_64-mingw32/nios2-elf/lib/mno-hw-mul\libc.a(lib_a-impure.o)
 .debug_abbrev  0x0000000000001193       0x37 c:/altera_lite/15.1/nios2eds/bin/gnu/h-x86_64-mingw32/bin/../lib/gcc/nios2-elf/4.9.2/../../../../../H-x86_64-mingw32/nios2-elf/lib/mno-hw-mul\libc.a(lib_a-int_errno.o)
 .debug_abbrev  0x00000000000011ca      0x21e c:/altera_lite/15.1/nios2eds/bin/gnu/h-x86_64-mingw32/bin/../lib/gcc/nios2-elf/4.9.2/../../../../../H-x86_64-mingw32/nios2-elf/lib/mno-hw-mul\libc.a(lib_a-__atexit.o)
 .debug_abbrev  0x00000000000013e8      0x22e c:/altera_lite/15.1/nios2eds/bin/gnu/h-x86_64-mingw32/bin/../lib/gcc/nios2-elf/4.9.2/../../../../../H-x86_64-mingw32/nios2-elf/lib/mno-hw-mul\libc.a(lib_a-__call_atexit.o)
 .debug_abbrev  0x0000000000001616       0xa6 ../lms_ctr_bsp/\libhal_bsp.a(alt_exit.o)

.debug_line     0x0000000000000000     0x1aae
 *(.debug_line)
 .debug_line    0x0000000000000000       0x66 ../lms_ctr_bsp//obj/HAL/src/crt0.o
 .debug_line    0x0000000000000066       0xb7 obj/default/i2c_opencores.o
 .debug_line    0x000000000000011d      0x2ea obj/default/main.o
 .debug_line    0x0000000000000407      0x1bf obj/default/spi_flash_lib.o
 .debug_line    0x00000000000005c6       0xc7 c:/altera_lite/15.1/nios2eds/bin/gnu/h-x86_64-mingw32/bin/../lib/gcc/nios2-elf/4.9.2/mno-hw-mul\libgcc.a(lib2-divmod.o)
 .debug_line    0x000000000000068d       0x80 c:/altera_lite/15.1/nios2eds/bin/gnu/h-x86_64-mingw32/bin/../lib/gcc/nios2-elf/4.9.2/mno-hw-mul\libgcc.a(lib2-mul.o)
 .debug_line    0x000000000000070d      0x18f c:/altera_lite/15.1/nios2eds/bin/gnu/h-x86_64-mingw32/bin/../lib/gcc/nios2-elf/4.9.2/../../../../../H-x86_64-mingw32/nios2-elf/lib/mno-hw-mul\libc.a(lib_a-memset.o)
 .debug_line    0x000000000000089c       0x8d ../lms_ctr_bsp/\libhal_bsp.a(alt_load.o)
 .debug_line    0x0000000000000929       0xa0 ../lms_ctr_bsp/\libhal_bsp.a(alt_main.o)
 .debug_line    0x00000000000009c9       0xaa ../lms_ctr_bsp/\libhal_bsp.a(alt_usleep.o)
 .debug_line    0x0000000000000a73       0x6d ../lms_ctr_bsp/\libhal_bsp.a(alt_sys_init.o)
 .debug_line    0x0000000000000ae0       0xb7 ../lms_ctr_bsp/\libhal_bsp.a(altera_avalon_spi.o)
 .debug_line    0x0000000000000b97       0xa2 ../lms_ctr_bsp/\libhal_bsp.a(alt_busy_sleep.o)
 .debug_line    0x0000000000000c39      0x163 ../lms_ctr_bsp/\libhal_bsp.a(alt_close.o)
 .debug_line    0x0000000000000d9c       0x51 ../lms_ctr_bsp/\libhal_bsp.a(alt_dcache_flush_all.o)
 .debug_line    0x0000000000000ded       0xf5 ../lms_ctr_bsp/\libhal_bsp.a(alt_dev.o)
 .debug_line    0x0000000000000ee2       0x59 ../lms_ctr_bsp/\libhal_bsp.a(alt_do_ctors.o)
 .debug_line    0x0000000000000f3b       0x59 ../lms_ctr_bsp/\libhal_bsp.a(alt_do_dtors.o)
 .debug_line    0x0000000000000f94       0x51 ../lms_ctr_bsp/\libhal_bsp.a(alt_errno.o)
 .debug_line    0x0000000000000fe5       0x4f ../lms_ctr_bsp/\libhal_bsp.a(alt_icache_flush_all.o)
 .debug_line    0x0000000000001034       0xb0 ../lms_ctr_bsp/\libhal_bsp.a(alt_release_fd.o)
 .debug_line    0x00000000000010e4       0x51 ../lms_ctr_bsp/\libhal_bsp.a(altera_nios2_gen2_irq.o)
 .debug_line    0x0000000000001135       0xe7 c:/altera_lite/15.1/nios2eds/bin/gnu/h-x86_64-mingw32/bin/../lib/gcc/nios2-elf/4.9.2/../../../../../H-x86_64-mingw32/nios2-elf/lib/mno-hw-mul\libc.a(lib_a-atexit.o)
 .debug_line    0x000000000000121c      0x1fc c:/altera_lite/15.1/nios2eds/bin/gnu/h-x86_64-mingw32/bin/../lib/gcc/nios2-elf/4.9.2/../../../../../H-x86_64-mingw32/nios2-elf/lib/mno-hw-mul\libc.a(lib_a-exit.o)
 .debug_line    0x0000000000001418      0x160 c:/altera_lite/15.1/nios2eds/bin/gnu/h-x86_64-mingw32/bin/../lib/gcc/nios2-elf/4.9.2/../../../../../H-x86_64-mingw32/nios2-elf/lib/mno-hw-mul\libc.a(lib_a-impure.o)
 .debug_line    0x0000000000001578       0x5f c:/altera_lite/15.1/nios2eds/bin/gnu/h-x86_64-mingw32/bin/../lib/gcc/nios2-elf/4.9.2/../../../../../H-x86_64-mingw32/nios2-elf/lib/mno-hw-mul\libc.a(lib_a-int_errno.o)
 .debug_line    0x00000000000015d7      0x225 c:/altera_lite/15.1/nios2eds/bin/gnu/h-x86_64-mingw32/bin/../lib/gcc/nios2-elf/4.9.2/../../../../../H-x86_64-mingw32/nios2-elf/lib/mno-hw-mul\libc.a(lib_a-__atexit.o)
 .debug_line    0x00000000000017fc      0x241 c:/altera_lite/15.1/nios2eds/bin/gnu/h-x86_64-mingw32/bin/../lib/gcc/nios2-elf/4.9.2/../../../../../H-x86_64-mingw32/nios2-elf/lib/mno-hw-mul\libc.a(lib_a-__call_atexit.o)
 .debug_line    0x0000000000001a3d       0x71 ../lms_ctr_bsp/\libhal_bsp.a(alt_exit.o)

.debug_frame    0x0000000000000000      0x744
 *(.debug_frame)
 .debug_frame   0x0000000000000000       0xa4 obj/default/i2c_opencores.o
 .debug_frame   0x00000000000000a4       0xa0 obj/default/main.o
 .debug_frame   0x0000000000000144       0xd0 obj/default/spi_flash_lib.o
 .debug_frame   0x0000000000000214       0x8c c:/altera_lite/15.1/nios2eds/bin/gnu/h-x86_64-mingw32/bin/../lib/gcc/nios2-elf/4.9.2/mno-hw-mul\libgcc.a(lib2-divmod.o)
 .debug_frame   0x00000000000002a0       0x20 c:/altera_lite/15.1/nios2eds/bin/gnu/h-x86_64-mingw32/bin/../lib/gcc/nios2-elf/4.9.2/mno-hw-mul\libgcc.a(lib2-mul.o)
 .debug_frame   0x00000000000002c0       0x20 c:/altera_lite/15.1/nios2eds/bin/gnu/h-x86_64-mingw32/bin/../lib/gcc/nios2-elf/4.9.2/../../../../../H-x86_64-mingw32/nios2-elf/lib/mno-hw-mul\libc.a(lib_a-memset.o)
 .debug_frame   0x00000000000002e0       0x5c ../lms_ctr_bsp/\libhal_bsp.a(alt_load.o)
 .debug_frame   0x000000000000033c       0x2c ../lms_ctr_bsp/\libhal_bsp.a(alt_main.o)
 .debug_frame   0x0000000000000368       0x38 ../lms_ctr_bsp/\libhal_bsp.a(alt_usleep.o)
 .debug_frame   0x00000000000003a0       0x5c ../lms_ctr_bsp/\libhal_bsp.a(alt_sys_init.o)
 .debug_frame   0x00000000000003fc       0x34 ../lms_ctr_bsp/\libhal_bsp.a(altera_avalon_spi.o)
 .debug_frame   0x0000000000000430       0x38 ../lms_ctr_bsp/\libhal_bsp.a(alt_busy_sleep.o)
 .debug_frame   0x0000000000000468       0x60 ../lms_ctr_bsp/\libhal_bsp.a(alt_close.o)
 .debug_frame   0x00000000000004c8       0x34 ../lms_ctr_bsp/\libhal_bsp.a(alt_dcache_flush_all.o)
 .debug_frame   0x00000000000004fc       0x34 ../lms_ctr_bsp/\libhal_bsp.a(alt_dev.o)
 .debug_frame   0x0000000000000530       0x38 ../lms_ctr_bsp/\libhal_bsp.a(alt_do_ctors.o)
 .debug_frame   0x0000000000000568       0x38 ../lms_ctr_bsp/\libhal_bsp.a(alt_do_dtors.o)
 .debug_frame   0x00000000000005a0       0x34 ../lms_ctr_bsp/\libhal_bsp.a(alt_icache_flush_all.o)
 .debug_frame   0x00000000000005d4       0x3c ../lms_ctr_bsp/\libhal_bsp.a(alt_release_fd.o)
 .debug_frame   0x0000000000000610       0x34 ../lms_ctr_bsp/\libhal_bsp.a(altera_nios2_gen2_irq.o)
 .debug_frame   0x0000000000000644       0x20 c:/altera_lite/15.1/nios2eds/bin/gnu/h-x86_64-mingw32/bin/../lib/gcc/nios2-elf/4.9.2/../../../../../H-x86_64-mingw32/nios2-elf/lib/mno-hw-mul\libc.a(lib_a-atexit.o)
 .debug_frame   0x0000000000000664       0x28 c:/altera_lite/15.1/nios2eds/bin/gnu/h-x86_64-mingw32/bin/../lib/gcc/nios2-elf/4.9.2/../../../../../H-x86_64-mingw32/nios2-elf/lib/mno-hw-mul\libc.a(lib_a-exit.o)
 .debug_frame   0x000000000000068c       0x38 c:/altera_lite/15.1/nios2eds/bin/gnu/h-x86_64-mingw32/bin/../lib/gcc/nios2-elf/4.9.2/../../../../../H-x86_64-mingw32/nios2-elf/lib/mno-hw-mul\libc.a(lib_a-__atexit.o)
 .debug_frame   0x00000000000006c4       0x54 c:/altera_lite/15.1/nios2eds/bin/gnu/h-x86_64-mingw32/bin/../lib/gcc/nios2-elf/4.9.2/../../../../../H-x86_64-mingw32/nios2-elf/lib/mno-hw-mul\libc.a(lib_a-__call_atexit.o)
 .debug_frame   0x0000000000000718       0x2c ../lms_ctr_bsp/\libhal_bsp.a(alt_exit.o)

.debug_str      0x0000000000000000     0x165b
 *(.debug_str)
 .debug_str     0x0000000000000000      0x131 obj/default/i2c_opencores.o
                                        0x16c (size before relaxing)
 .debug_str     0x0000000000000131      0x3e8 obj/default/main.o
                                        0x54b (size before relaxing)
 .debug_str     0x0000000000000519      0x105 obj/default/spi_flash_lib.o
                                        0x26f (size before relaxing)
 .debug_str     0x000000000000061e      0x185 c:/altera_lite/15.1/nios2eds/bin/gnu/h-x86_64-mingw32/bin/../lib/gcc/nios2-elf/4.9.2/mno-hw-mul\libgcc.a(lib2-divmod.o)
                                        0x1d0 (size before relaxing)
 .debug_str     0x00000000000007a3       0x40 c:/altera_lite/15.1/nios2eds/bin/gnu/h-x86_64-mingw32/bin/../lib/gcc/nios2-elf/4.9.2/mno-hw-mul\libgcc.a(lib2-mul.o)
                                        0x191 (size before relaxing)
 .debug_str     0x00000000000007e3      0x151 c:/altera_lite/15.1/nios2eds/bin/gnu/h-x86_64-mingw32/bin/../lib/gcc/nios2-elf/4.9.2/../../../../../H-x86_64-mingw32/nios2-elf/lib/mno-hw-mul\libc.a(lib_a-memset.o)
                                        0x1ea (size before relaxing)
 .debug_str     0x0000000000000934      0x133 ../lms_ctr_bsp/\libhal_bsp.a(alt_load.o)
                                        0x205 (size before relaxing)
 .debug_str     0x0000000000000a67       0xc5 ../lms_ctr_bsp/\libhal_bsp.a(alt_main.o)
                                        0x19b (size before relaxing)
 .debug_str     0x0000000000000b2c       0x20 ../lms_ctr_bsp/\libhal_bsp.a(alt_usleep.o)
                                        0x13b (size before relaxing)
 .debug_str     0x0000000000000b4c       0x47 ../lms_ctr_bsp/\libhal_bsp.a(alt_sys_init.o)
                                        0x16b (size before relaxing)
 .debug_str     0x0000000000000b93       0xac ../lms_ctr_bsp/\libhal_bsp.a(altera_avalon_spi.o)
                                        0x1d3 (size before relaxing)
 .debug_str     0x0000000000000c3f       0x42 ../lms_ctr_bsp/\libhal_bsp.a(alt_busy_sleep.o)
                                        0x169 (size before relaxing)
 .debug_str     0x0000000000000c81       0x90 ../lms_ctr_bsp/\libhal_bsp.a(alt_close.o)
                                        0x209 (size before relaxing)
 .debug_str     0x0000000000000d11       0x34 ../lms_ctr_bsp/\libhal_bsp.a(alt_dcache_flush_all.o)
                                        0x153 (size before relaxing)
 .debug_str     0x0000000000000d45      0x119 ../lms_ctr_bsp/\libhal_bsp.a(alt_dev.o)
                                        0x303 (size before relaxing)
 .debug_str     0x0000000000000e5e       0x48 ../lms_ctr_bsp/\libhal_bsp.a(alt_do_ctors.o)
                                         0xcf (size before relaxing)
 .debug_str     0x0000000000000ea6       0x4c ../lms_ctr_bsp/\libhal_bsp.a(alt_do_dtors.o)
                                         0xce (size before relaxing)
 .debug_str     0x0000000000000ef2       0x14 ../lms_ctr_bsp/\libhal_bsp.a(alt_errno.o)
                                        0x138 (size before relaxing)
 .debug_str     0x0000000000000f06       0x34 ../lms_ctr_bsp/\libhal_bsp.a(alt_icache_flush_all.o)
                                        0x153 (size before relaxing)
 .debug_str     0x0000000000000f3a       0x28 ../lms_ctr_bsp/\libhal_bsp.a(alt_release_fd.o)
                                        0x1dd (size before relaxing)
 .debug_str     0x0000000000000f62       0x3b ../lms_ctr_bsp/\libhal_bsp.a(altera_nios2_gen2_irq.o)
                                        0x15a (size before relaxing)
 .debug_str     0x0000000000000f9d      0x110 c:/altera_lite/15.1/nios2eds/bin/gnu/h-x86_64-mingw32/bin/../lib/gcc/nios2-elf/4.9.2/../../../../../H-x86_64-mingw32/nios2-elf/lib/mno-hw-mul\libc.a(lib_a-atexit.o)
                                        0x213 (size before relaxing)
 .debug_str     0x00000000000010ad      0x3d0 c:/altera_lite/15.1/nios2eds/bin/gnu/h-x86_64-mingw32/bin/../lib/gcc/nios2-elf/4.9.2/../../../../../H-x86_64-mingw32/nios2-elf/lib/mno-hw-mul\libc.a(lib_a-exit.o)
                                        0x5b0 (size before relaxing)
 .debug_str     0x000000000000147d       0xd6 c:/altera_lite/15.1/nios2eds/bin/gnu/h-x86_64-mingw32/bin/../lib/gcc/nios2-elf/4.9.2/../../../../../H-x86_64-mingw32/nios2-elf/lib/mno-hw-mul\libc.a(lib_a-impure.o)
                                        0x5a7 (size before relaxing)
 .debug_str     0x0000000000001553       0x3f c:/altera_lite/15.1/nios2eds/bin/gnu/h-x86_64-mingw32/bin/../lib/gcc/nios2-elf/4.9.2/../../../../../H-x86_64-mingw32/nios2-elf/lib/mno-hw-mul\libc.a(lib_a-int_errno.o)
                                        0x1cf (size before relaxing)
 .debug_str     0x0000000000001592       0x3f c:/altera_lite/15.1/nios2eds/bin/gnu/h-x86_64-mingw32/bin/../lib/gcc/nios2-elf/4.9.2/../../../../../H-x86_64-mingw32/nios2-elf/lib/mno-hw-mul\libc.a(lib_a-__atexit.o)
                                        0x5ef (size before relaxing)
 .debug_str     0x00000000000015d1       0x60 c:/altera_lite/15.1/nios2eds/bin/gnu/h-x86_64-mingw32/bin/../lib/gcc/nios2-elf/4.9.2/../../../../../H-x86_64-mingw32/nios2-elf/lib/mno-hw-mul\libc.a(lib_a-__call_atexit.o)
                                        0x5d4 (size before relaxing)
 .debug_str     0x0000000000001631       0x2a ../lms_ctr_bsp/\libhal_bsp.a(alt_exit.o)
                                        0x14f (size before relaxing)

.debug_loc      0x0000000000000000      0x80b
 *(.debug_loc)
 .debug_loc     0x0000000000000000      0x273 c:/altera_lite/15.1/nios2eds/bin/gnu/h-x86_64-mingw32/bin/../lib/gcc/nios2-elf/4.9.2/mno-hw-mul\libgcc.a(lib2-divmod.o)
 .debug_loc     0x0000000000000273       0x93 c:/altera_lite/15.1/nios2eds/bin/gnu/h-x86_64-mingw32/bin/../lib/gcc/nios2-elf/4.9.2/mno-hw-mul\libgcc.a(lib2-mul.o)
 .debug_loc     0x0000000000000306      0x190 c:/altera_lite/15.1/nios2eds/bin/gnu/h-x86_64-mingw32/bin/../lib/gcc/nios2-elf/4.9.2/../../../../../H-x86_64-mingw32/nios2-elf/lib/mno-hw-mul\libc.a(lib_a-memset.o)
 .debug_loc     0x0000000000000496       0x2c c:/altera_lite/15.1/nios2eds/bin/gnu/h-x86_64-mingw32/bin/../lib/gcc/nios2-elf/4.9.2/../../../../../H-x86_64-mingw32/nios2-elf/lib/mno-hw-mul\libc.a(lib_a-atexit.o)
 .debug_loc     0x00000000000004c2       0x1e c:/altera_lite/15.1/nios2eds/bin/gnu/h-x86_64-mingw32/bin/../lib/gcc/nios2-elf/4.9.2/../../../../../H-x86_64-mingw32/nios2-elf/lib/mno-hw-mul\libc.a(lib_a-exit.o)
 .debug_loc     0x00000000000004e0      0x185 c:/altera_lite/15.1/nios2eds/bin/gnu/h-x86_64-mingw32/bin/../lib/gcc/nios2-elf/4.9.2/../../../../../H-x86_64-mingw32/nios2-elf/lib/mno-hw-mul\libc.a(lib_a-__atexit.o)
 .debug_loc     0x0000000000000665      0x1a6 c:/altera_lite/15.1/nios2eds/bin/gnu/h-x86_64-mingw32/bin/../lib/gcc/nios2-elf/4.9.2/../../../../../H-x86_64-mingw32/nios2-elf/lib/mno-hw-mul\libc.a(lib_a-__call_atexit.o)

.debug_macinfo
 *(.debug_macinfo)

.debug_weaknames
 *(.debug_weaknames)

.debug_funcnames
 *(.debug_funcnames)

.debug_typenames
 *(.debug_typenames)

.debug_varnames
 *(.debug_varnames)

.debug_alt_sim_info
                0x0000000000000000       0x40
 *(.debug_alt_sim_info)
 .debug_alt_sim_info
                0x0000000000000000       0x10 ../lms_ctr_bsp//obj/HAL/src/crt0.o
 .debug_alt_sim_info
                0x0000000000000010       0x30 ../lms_ctr_bsp/\libhal_bsp.a(alt_busy_sleep.o)
                0x0000000000010000                __alt_data_end = 0x10000
                0x0000000000010000                PROVIDE (__alt_stack_pointer, __alt_data_end)
                0x000000000000aee0                PROVIDE (__alt_stack_limit, __alt_stack_base)
                0x000000000000aee0                PROVIDE (__alt_heap_start, end)
                0x0000000000010000                PROVIDE (__alt_heap_limit, 0x10000)
OUTPUT(lms_ctr_app.elf elf32-littlenios2)

.debug_ranges   0x0000000000000000       0xa0
 .debug_ranges  0x0000000000000000       0x20 ../lms_ctr_bsp//obj/HAL/src/crt0.o
 .debug_ranges  0x0000000000000020       0x18 obj/default/main.o
 .debug_ranges  0x0000000000000038       0x10 c:/altera_lite/15.1/nios2eds/bin/gnu/h-x86_64-mingw32/bin/../lib/gcc/nios2-elf/4.9.2/../../../../../H-x86_64-mingw32/nios2-elf/lib/mno-hw-mul\libc.a(lib_a-memset.o)
 .debug_ranges  0x0000000000000048       0x10 c:/altera_lite/15.1/nios2eds/bin/gnu/h-x86_64-mingw32/bin/../lib/gcc/nios2-elf/4.9.2/../../../../../H-x86_64-mingw32/nios2-elf/lib/mno-hw-mul\libc.a(lib_a-atexit.o)
 .debug_ranges  0x0000000000000058       0x10 c:/altera_lite/15.1/nios2eds/bin/gnu/h-x86_64-mingw32/bin/../lib/gcc/nios2-elf/4.9.2/../../../../../H-x86_64-mingw32/nios2-elf/lib/mno-hw-mul\libc.a(lib_a-exit.o)
 .debug_ranges  0x0000000000000068       0x10 c:/altera_lite/15.1/nios2eds/bin/gnu/h-x86_64-mingw32/bin/../lib/gcc/nios2-elf/4.9.2/../../../../../H-x86_64-mingw32/nios2-elf/lib/mno-hw-mul\libc.a(lib_a-__atexit.o)
 .debug_ranges  0x0000000000000078       0x28 c:/altera_lite/15.1/nios2eds/bin/gnu/h-x86_64-mingw32/bin/../lib/gcc/nios2-elf/4.9.2/../../../../../H-x86_64-mingw32/nios2-elf/lib/mno-hw-mul\libc.a(lib_a-__call_atexit.o)
